MPLINK 4.49, Linker
Linker Map File - Created Wed Oct 26 19:55:49 2016

                                 Section Info
                  Section       Type    Address   Location Size(Bytes)
                ---------  ---------  ---------  ---------  ---------
                   .org_0       code   0x000000    program   0x000000
                   .org_1       code   0x000000    program   0x000002
                   .org_2       code   0x000004    program   0x000036
.config_2007_16F84ATEMP.O       code   0x002007    program   0x000002



                              Program Memory Usage 
                               Start         End      
                           ---------   ---------      
                            0x000000    0x000000      
                            0x000004    0x00001e      
                            0x002007    0x002007      
            29 out of 1094 program addresses used, program memory utilization is 2%



                              Symbols - Sorted by Name
                     Name    Address   Location    Storage File                     
                ---------  ---------  ---------  --------- ---------                
                    Delay   0x000014    program     static C:\Users\rkuthial\Desktop\LAB 4\16F84ATEMP.ASM
                 DelayTwo   0x000016    program     static C:\Users\rkuthial\Desktop\LAB 4\16F84ATEMP.ASM
            DelayTwo_loop   0x000018    program     static C:\Users\rkuthial\Desktop\LAB 4\16F84ATEMP.ASM
                     Main   0x00000c    program     static C:\Users\rkuthial\Desktop\LAB 4\16F84ATEMP.ASM
                     loop   0x00000f    program     static C:\Users\rkuthial\Desktop\LAB 4\16F84ATEMP.ASM



                              Symbols - Sorted by Address
                     Name    Address   Location    Storage File                     
                ---------  ---------  ---------  --------- ---------                
                     Main   0x00000c    program     static C:\Users\rkuthial\Desktop\LAB 4\16F84ATEMP.ASM
                     loop   0x00000f    program     static C:\Users\rkuthial\Desktop\LAB 4\16F84ATEMP.ASM
                    Delay   0x000014    program     static C:\Users\rkuthial\Desktop\LAB 4\16F84ATEMP.ASM
                 DelayTwo   0x000016    program     static C:\Users\rkuthial\Desktop\LAB 4\16F84ATEMP.ASM
            DelayTwo_loop   0x000018    program     static C:\Users\rkuthial\Desktop\LAB 4\16F84ATEMP.ASM


