MPLINK 4.49, Linker
Linker Map File - Created Wed Nov 16 19:12:53 2016

                                 Section Info
                  Section       Type    Address   Location Size(Bytes)
                ---------  ---------  ---------  ---------  ---------
                   .org_0       code   0x000000    program   0x000000
                   .org_1       code   0x000000    program   0x000002
                   .org_2       code   0x000004    program   0x000078
.config_2007_EXTERNAL_INTERUPT.O       code   0x002007    program   0x000002



                              Program Memory Usage 
                               Start         End      
                           ---------   ---------      
                            0x000000    0x000000      
                            0x000004    0x00003f      
                            0x002007    0x002007      
            62 out of 1094 program addresses used, program memory utilization is 5%



                              Symbols - Sorted by Name
                     Name    Address   Location    Storage File                     
                ---------  ---------  ---------  --------- ---------                
                   EERead   0x000030    program     static C:\Users\rkuthial\Desktop\LAB 4\External_interupt.ASM
                  EEWrite   0x000037    program     static C:\Users\rkuthial\Desktop\LAB 4\External_interupt.ASM
                     Main   0x00000e    program     static C:\Users\rkuthial\Desktop\LAB 4\External_interupt.ASM
           TimerInterrupt   0x000026    program     static C:\Users\rkuthial\Desktop\LAB 4\External_interupt.ASM
              ToggleLight   0x000029    program     static C:\Users\rkuthial\Desktop\LAB 4\External_interupt.ASM
                     loop   0x000024    program     static C:\Users\rkuthial\Desktop\LAB 4\External_interupt.ASM



                              Symbols - Sorted by Address
                     Name    Address   Location    Storage File                     
                ---------  ---------  ---------  --------- ---------                
                     Main   0x00000e    program     static C:\Users\rkuthial\Desktop\LAB 4\External_interupt.ASM
                     loop   0x000024    program     static C:\Users\rkuthial\Desktop\LAB 4\External_interupt.ASM
           TimerInterrupt   0x000026    program     static C:\Users\rkuthial\Desktop\LAB 4\External_interupt.ASM
              ToggleLight   0x000029    program     static C:\Users\rkuthial\Desktop\LAB 4\External_interupt.ASM
                   EERead   0x000030    program     static C:\Users\rkuthial\Desktop\LAB 4\External_interupt.ASM
                  EEWrite   0x000037    program     static C:\Users\rkuthial\Desktop\LAB 4\External_interupt.ASM


