MPLINK 4.49, Linker
Linker Map File - Created Wed Nov 09 18:05:54 2016

                                 Section Info
                  Section       Type    Address   Location Size(Bytes)
                ---------  ---------  ---------  ---------  ---------
                   .org_0       code   0x000000    program   0x000000
                   .org_1       code   0x000000    program   0x000002
                   .org_2       code   0x000004    program   0x000048
.config_2007_TIMER_WITH_INTER.O       code   0x002007    program   0x000002



                              Program Memory Usage 
                               Start         End      
                           ---------   ---------      
                            0x000000    0x000000      
                            0x000004    0x000027      
                            0x002007    0x002007      
            38 out of 1094 program addresses used, program memory utilization is 3%



                              Symbols - Sorted by Name
                     Name    Address   Location    Storage File                     
                ---------  ---------  ---------  --------- ---------                
                     Main   0x00000e    program     static C:\Users\rkuthial\Desktop\LAB 4\timer_with_inter.ASM
           TimerInterrupt   0x00001d    program     static C:\Users\rkuthial\Desktop\LAB 4\timer_with_inter.ASM
              ToggleLight   0x000024    program     static C:\Users\rkuthial\Desktop\LAB 4\timer_with_inter.ASM
                     loop   0x00001b    program     static C:\Users\rkuthial\Desktop\LAB 4\timer_with_inter.ASM



                              Symbols - Sorted by Address
                     Name    Address   Location    Storage File                     
                ---------  ---------  ---------  --------- ---------                
                     Main   0x00000e    program     static C:\Users\rkuthial\Desktop\LAB 4\timer_with_inter.ASM
                     loop   0x00001b    program     static C:\Users\rkuthial\Desktop\LAB 4\timer_with_inter.ASM
           TimerInterrupt   0x00001d    program     static C:\Users\rkuthial\Desktop\LAB 4\timer_with_inter.ASM
              ToggleLight   0x000024    program     static C:\Users\rkuthial\Desktop\LAB 4\timer_with_inter.ASM


