MPLINK 4.49, Linker
Linker Map File - Created Wed Nov 30 19:52:07 2016

                                 Section Info
                  Section       Type    Address   Location Size(Bytes)
                ---------  ---------  ---------  ---------  ---------
                   .org_0       code   0x000000    program   0x000000
                   .org_1       code   0x000000    program   0x000002
                   .org_2       code   0x000004    program   0x00005e
      .config_2007_LAB5.O       code   0x002007    program   0x000002



                              Program Memory Usage 
                               Start         End      
                           ---------   ---------      
                            0x000000    0x000000      
                            0x000004    0x000032      
                            0x002007    0x002007      
            49 out of 1158 program addresses used, program memory utilization is 4%



                              Symbols - Sorted by Name
                     Name    Address   Location    Storage File                     
                ---------  ---------  ---------  --------- ---------                
                    Delay   0x000021    program     static C:\Users\astenson\Desktop\Lab5\lab5.asm
               Delay_loop   0x000025    program     static C:\Users\astenson\Desktop\Lab5\lab5.asm
           Delay_loop_big   0x000023    program     static C:\Users\astenson\Desktop\Lab5\lab5.asm
            Get_AD_Sample   0x00002b    program     static C:\Users\astenson\Desktop\Lab5\lab5.asm
                Main_Loop   0x00001b    program     static C:\Users\astenson\Desktop\Lab5\lab5.asm
          Wait_for_finish   0x00002c    program     static C:\Users\astenson\Desktop\Lab5\lab5.asm
                     main   0x00000c    program     static C:\Users\astenson\Desktop\Lab5\lab5.asm



                              Symbols - Sorted by Address
                     Name    Address   Location    Storage File                     
                ---------  ---------  ---------  --------- ---------                
                     main   0x00000c    program     static C:\Users\astenson\Desktop\Lab5\lab5.asm
                Main_Loop   0x00001b    program     static C:\Users\astenson\Desktop\Lab5\lab5.asm
                    Delay   0x000021    program     static C:\Users\astenson\Desktop\Lab5\lab5.asm
           Delay_loop_big   0x000023    program     static C:\Users\astenson\Desktop\Lab5\lab5.asm
               Delay_loop   0x000025    program     static C:\Users\astenson\Desktop\Lab5\lab5.asm
            Get_AD_Sample   0x00002b    program     static C:\Users\astenson\Desktop\Lab5\lab5.asm
          Wait_for_finish   0x00002c    program     static C:\Users\astenson\Desktop\Lab5\lab5.asm


